// Jest Snapshot v1, https://goo.gl/fbAQLP

exports[`Article List rendering tests should behave like tree 1`] = `
ShallowWrapper {
  "complexSelector": ComplexSelector {
    "buildPredicate": [Function],
    "childrenOfNode": [Function],
    "findWhereUnwrapped": [Function],
  },
  "length": 1,
  "node": <div>
    <ArticleContainer
        article={
            Object {
                "body": "",
                "date": "",
                "id": "a",
                "title": "",
              }
        }
    />
    <ArticleContainer
        article={
            Object {
                "body": "",
                "date": "",
                "id": "b",
                "title": "",
              }
        }
    />
</div>,
  "nodes": Array [
    <div>
      <ArticleContainer
            article={
                  Object {
                        "body": "",
                        "date": "",
                        "id": "a",
                        "title": "",
                      }
            }
      />
      <ArticleContainer
            article={
                  Object {
                        "body": "",
                        "date": "",
                        "id": "b",
                        "title": "",
                      }
            }
      />
</div>,
  ],
  "options": Object {},
  "renderer": ReactShallowRenderer {
    "_context": Object {},
    "_currentlyRenderingComponent": null,
    "_didScheduleRenderPhaseUpdate": false,
    "_dispatcher": Object {
      "readContext": [Function],
      "useCallback": [Function],
      "useContext": [Function],
      "useDebugValue": [Function],
      "useEffect": [Function],
      "useImperativeHandle": [Function],
      "useLayoutEffect": [Function],
      "useMemo": [Function],
      "useReducer": [Function],
      "useRef": [Function],
      "useState": [Function],
    },
    "_element": <ArticleList
      articles={
            Object {
                  "a": Object {
                    "body": "",
                    "date": "",
                    "id": "a",
                    "title": "",
                  },
                  "b": Object {
                    "body": "",
                    "date": "",
                    "id": "b",
                    "title": "",
                  },
                }
      }
/>,
    "_firstWorkInProgressHook": null,
    "_forcedUpdate": false,
    "_instance": null,
    "_isReRender": false,
    "_newState": null,
    "_numberOfReRenders": 0,
    "_previousComponentIdentity": [Function],
    "_renderPhaseUpdates": null,
    "_rendered": <div>
      <ArticleContainer
            article={
                  Object {
                        "body": "",
                        "date": "",
                        "id": "a",
                        "title": "",
                      }
            }
      />
      <ArticleContainer
            article={
                  Object {
                        "body": "",
                        "date": "",
                        "id": "b",
                        "title": "",
                      }
            }
      />
</div>,
    "_rendering": false,
    "_updater": Updater {
      "_callbacks": Array [],
      "_renderer": [Circular],
    },
    "_workInProgressHook": null,
    "getRenderOutput": [Function],
    "render": [Function],
  },
  "root": [Circular],
  "unrendered": <ArticleList
    articles={
        Object {
            "a": Object {
              "body": "",
              "date": "",
              "id": "a",
              "title": "",
            },
            "b": Object {
              "body": "",
              "date": "",
              "id": "b",
              "title": "",
            },
          }
    }
/>,
}
`;
